[Licensing::Module] Trying to connect to existing licensing client channel...
Built from '6000.3/respin/6000.3.6f1-732c1ec89f18' branch; Version is '6000.3.6f1 (bbb010bdb8a3) revision 12300304'; Using compiler version '194234433'; Build Type 'Release'
OS: 'Windows 11  (10.0.26200) Core' Language: 'ja' Physical Memory: 65464 MB
[Licensing::IpcConnector] Successfully connected to: "LicenseClient-PLANNER007" at "2026-04-09T05:05:00.3092513Z"
BatchMode: 1, IsHumanControllingUs: 0, StartBugReporterOnCrash: 0, Is64bit: 1
System  architecture: x64
Process architecture: x64
Date: 2026-04-09T05:05:00Z

COMMAND LINE ARGUMENTS:
C:\Program Files\Unity\Hub\Editor\6000.3.6f1\Editor\Unity.exe
-batchmode
-nographics
-projectPath
c:\Users\PLANNER007\UnityChatNovelGame
-executeMethod
ProjectFoundPhone.Editor.TestRunnerHelper.RunPlayModeTestsBatch
-ProjectFoundPhoneResultFile=c:\Users\PLANNER007\UnityChatNovelGame\docs\verification\playmode-dlane-batch-r3.txt
-logFile
c:\Users\PLANNER007\UnityChatNovelGame\docs\verification\playmode-dlane-r3-editor.log
-quit
Successfully changed project path to: c:\Users\PLANNER007\UnityChatNovelGame
C:/Users/PLANNER007/UnityChatNovelGame
Exiting without the bug reporter. Application will terminate with return code 1